// Jest Snapshot v1, https://goo.gl/fbAQLP

exports[`DurationWithOrganizationCardHeader renders 1`] = `
{
  "asFragment": [Function],
  "baseElement": <body>
    <div>
      <div
        class="MuiCardHeader-root css-185gdzj-MuiCardHeader-root"
      >
        <div
          class="MuiCardHeader-avatar css-1ssile9-MuiCardHeader-avatar"
        >
          <div
            class="MuiAvatar-root MuiAvatar-circular css-1wlk0hk-MuiAvatar-root"
          >
            <img
              alt="Title"
              class="MuiAvatar-img css-1pqm26d-MuiAvatar-img"
              src="https://via.placeholder.com/300.png"
            />
          </div>
        </div>
        <div
          class="MuiCardHeader-content css-1qbkelo-MuiCardHeader-content"
        >
          <span
            class="MuiTypography-root MuiTypography-body2 MuiCardHeader-title css-et1ao3-MuiTypography-root"
          >
            Title
          </span>
          <span
            class="MuiTypography-root MuiTypography-body2 MuiCardHeader-subheader css-83ijpv-MuiTypography-root"
          >
            Dec 25, 2022 - Jan 1, 2023: Subtitle
          </span>
        </div>
      </div>
    </div>
  </body>,
  "container": <div>
    <div
      class="MuiCardHeader-root css-185gdzj-MuiCardHeader-root"
    >
      <div
        class="MuiCardHeader-avatar css-1ssile9-MuiCardHeader-avatar"
      >
        <div
          class="MuiAvatar-root MuiAvatar-circular css-1wlk0hk-MuiAvatar-root"
        >
          <img
            alt="Title"
            class="MuiAvatar-img css-1pqm26d-MuiAvatar-img"
            src="https://via.placeholder.com/300.png"
          />
        </div>
      </div>
      <div
        class="MuiCardHeader-content css-1qbkelo-MuiCardHeader-content"
      >
        <span
          class="MuiTypography-root MuiTypography-body2 MuiCardHeader-title css-et1ao3-MuiTypography-root"
        >
          Title
        </span>
        <span
          class="MuiTypography-root MuiTypography-body2 MuiCardHeader-subheader css-83ijpv-MuiTypography-root"
        >
          Dec 25, 2022 - Jan 1, 2023: Subtitle
        </span>
      </div>
    </div>
  </div>,
  "debug": [Function],
  "findAllByAltText": [Function],
  "findAllByDisplayValue": [Function],
  "findAllByLabelText": [Function],
  "findAllByPlaceholderText": [Function],
  "findAllByRole": [Function],
  "findAllByTestId": [Function],
  "findAllByText": [Function],
  "findAllByTitle": [Function],
  "findByAltText": [Function],
  "findByDisplayValue": [Function],
  "findByLabelText": [Function],
  "findByPlaceholderText": [Function],
  "findByRole": [Function],
  "findByTestId": [Function],
  "findByText": [Function],
  "findByTitle": [Function],
  "getAllByAltText": [Function],
  "getAllByDisplayValue": [Function],
  "getAllByLabelText": [Function],
  "getAllByPlaceholderText": [Function],
  "getAllByRole": [Function],
  "getAllByTestId": [Function],
  "getAllByText": [Function],
  "getAllByTitle": [Function],
  "getByAltText": [Function],
  "getByDisplayValue": [Function],
  "getByLabelText": [Function],
  "getByPlaceholderText": [Function],
  "getByRole": [Function],
  "getByTestId": [Function],
  "getByText": [Function],
  "getByTitle": [Function],
  "queryAllByAltText": [Function],
  "queryAllByDisplayValue": [Function],
  "queryAllByLabelText": [Function],
  "queryAllByPlaceholderText": [Function],
  "queryAllByRole": [Function],
  "queryAllByTestId": [Function],
  "queryAllByText": [Function],
  "queryAllByTitle": [Function],
  "queryByAltText": [Function],
  "queryByDisplayValue": [Function],
  "queryByLabelText": [Function],
  "queryByPlaceholderText": [Function],
  "queryByRole": [Function],
  "queryByTestId": [Function],
  "queryByText": [Function],
  "queryByTitle": [Function],
  "rerender": [Function],
  "unmount": [Function],
}
`;
