// Jest Snapshot v1, https://goo.gl/fbAQLP

exports[`Home Page renders 1`] = `
{
  "asFragment": [Function],
  "baseElement": <body>
    <div>
      <div
        class="MuiBox-root css-11pr01y"
      >
        <div
          class="MuiBox-root css-59whaf"
        >
          <h1
            class="MuiTypography-root MuiTypography-h1 css-o2w69a-MuiTypography-root"
          >
            d.jin
          </h1>
          <h4
            class="MuiTypography-root MuiTypography-h4 css-1ngnsfb-MuiTypography-root"
          >
            Coder. DJ. Music Producer. Martial Artist.
          </h4>
        </div>
      </div>
    </div>
  </body>,
  "container": <div>
    <div
      class="MuiBox-root css-11pr01y"
    >
      <div
        class="MuiBox-root css-59whaf"
      >
        <h1
          class="MuiTypography-root MuiTypography-h1 css-o2w69a-MuiTypography-root"
        >
          d.jin
        </h1>
        <h4
          class="MuiTypography-root MuiTypography-h4 css-1ngnsfb-MuiTypography-root"
        >
          Coder. DJ. Music Producer. Martial Artist.
        </h4>
      </div>
    </div>
  </div>,
  "debug": [Function],
  "findAllByAltText": [Function],
  "findAllByDisplayValue": [Function],
  "findAllByLabelText": [Function],
  "findAllByPlaceholderText": [Function],
  "findAllByRole": [Function],
  "findAllByTestId": [Function],
  "findAllByText": [Function],
  "findAllByTitle": [Function],
  "findByAltText": [Function],
  "findByDisplayValue": [Function],
  "findByLabelText": [Function],
  "findByPlaceholderText": [Function],
  "findByRole": [Function],
  "findByTestId": [Function],
  "findByText": [Function],
  "findByTitle": [Function],
  "getAllByAltText": [Function],
  "getAllByDisplayValue": [Function],
  "getAllByLabelText": [Function],
  "getAllByPlaceholderText": [Function],
  "getAllByRole": [Function],
  "getAllByTestId": [Function],
  "getAllByText": [Function],
  "getAllByTitle": [Function],
  "getByAltText": [Function],
  "getByDisplayValue": [Function],
  "getByLabelText": [Function],
  "getByPlaceholderText": [Function],
  "getByRole": [Function],
  "getByTestId": [Function],
  "getByText": [Function],
  "getByTitle": [Function],
  "queryAllByAltText": [Function],
  "queryAllByDisplayValue": [Function],
  "queryAllByLabelText": [Function],
  "queryAllByPlaceholderText": [Function],
  "queryAllByRole": [Function],
  "queryAllByTestId": [Function],
  "queryAllByText": [Function],
  "queryAllByTitle": [Function],
  "queryByAltText": [Function],
  "queryByDisplayValue": [Function],
  "queryByLabelText": [Function],
  "queryByPlaceholderText": [Function],
  "queryByRole": [Function],
  "queryByTestId": [Function],
  "queryByText": [Function],
  "queryByTitle": [Function],
  "rerender": [Function],
  "unmount": [Function],
}
`;
