// Jest Snapshot v1, https://goo.gl/fbAQLP

exports[`BjjIcon renders 1`] = `
{
  "asFragment": [Function],
  "baseElement": <body>
    <div>
      <svg
        aria-hidden="true"
        class="MuiSvgIcon-root MuiSvgIcon-fontSizeMedium css-i4bv87-MuiSvgIcon-root"
        focusable="false"
        viewBox="0 0 512 512"
      >
        <path
          d="M3628 4557 c-56 -16 -119 -58 -151 -101 -41 -54 -753 -1249 -767 -1286 -9 -25 -16 -200 -24 -641 l-12 -606 -82 -95 c-45 -53 -82 -100 -82 -104 0 -9 269 -614 290 -655 10 -18 20 -13 145 71 154 105 219 171 273 279 36 73 37 77 39 205 2 72 7 410 13 751 l11 620 333 555 c184 305 344 575 357 600 35 67 34 186 -3 256 -65 123 -210 187 -340 151z"
        />
        <path
          d="M3887 3899 c-8 -13 -47 -76 -85 -140 l-69 -115 40 -34 c70 -59 99 -154 73 -244 -13 -45 -37 -80 -117 -177 -55 -66 -98 -123 -95 -126 3 -3 65 -9 138 -14 134 -9 381 -35 451 -47 l38 -7 -390 -323 c-214 -177 -404 -337 -421 -355 -73 -72 -99 -199 -61 -297 16 -42 131 -195 487 -645 256 -324 484 -610 507 -634 61 -64 115 -86 212 -86 71 0 86 3 135 31 61 34 121 105 139 164 19 63 14 159 -12 212 -12 26 -192 262 -400 525 -207 263 -378 481 -380 484 -1 4 189 165 423 358 234 194 444 372 467 396 104 112 179 420 139 575 -45 176 -162 274 -440 369 -248 85 -456 131 -672 147 -89 6 -92 6 -107 -17z"
        />
        <path
          d="M3515 3280 l-186 -309 3 -85 3 -84 210 250 c116 137 220 268 233 290 24 45 29 108 11 155 -10 28 -67 93 -80 93 -5 0 -92 -139 -194 -310z"
        />
        <path
          d="M2497 3304 c-90 -22 -166 -64 -239 -133 -211 -198 -221 -525 -24 -739 45 -49 117 -102 138 -101 7 0 68 67 136 149 l123 149 7 268 8 269 36 71 c34 70 35 72 14 77 -36 10 -139 5 -199 -10z"
        />
        <path
          d="M2441 2317 c-105 -126 -179 -223 -172 -225 7 -2 31 -18 54 -36 42 -32 83 -100 135 -224 l23 -53 68 82 69 83 7 293 c4 162 6 296 4 298 -2 2 -87 -96 -188 -218z"
        />
        <path
          d="M1907 2139 c-83 -44 -119 -157 -78 -242 21 -43 93 -112 105 -100 3 4 6 34 6 67 0 37 8 77 19 101 22 49 86 108 135 126 20 7 36 16 36 20 0 4 -19 17 -43 28 -55 27 -129 27 -180 0z"
        />
        <path
          d="M2087 2029 c-52 -27 -90 -88 -94 -152 -4 -49 5 -71 135 -362 77 -170 139 -311 138 -312 -1 -2 -117 20 -257 47 -379 74 -364 72 -408 60 -107 -28 -169 -153 -127 -253 16 -40 74 -92 118 -105 58 -19 964 -192 1002 -192 52 0 96 21 133 63 37 43 57 105 47 150 -12 60 -434 991 -462 1020 -55 59 -152 74 -225 36z"
        />
        <path
          d="M1931 1705 c-26 -38 -37 -104 -27 -159 9 -46 50 -94 101 -117 40 -19 105 -26 105 -11 0 14 -139 317 -147 319 -4 2 -19 -13 -32 -32z"
        />
        <path
          d="M425 1598 c-149 -28 -306 -151 -370 -292 -97 -210 -57 -436 106 -599 208 -208 531 -207 742 4 366 365 33 984 -478 887z"
        />
        <path
          d="M1655 1521 c-202 -67 -256 -95 -333 -173 -84 -83 -117 -153 -117 -248 0 -97 35 -170 120 -255 162 -161 366 -193 709 -111 82 20 151 37 153 40 2 2 -119 27 -269 56 -150 28 -299 59 -330 67 -111 30 -178 117 -178 231 0 105 54 185 153 227 55 23 100 19 365 -34 133 -26 242 -44 242 -40 0 4 -6 22 -14 40 -14 33 -16 34 -74 35 -110 2 -205 76 -231 179 -6 25 -15 45 -19 44 -4 0 -83 -26 -177 -58z"
        />
      </svg>
    </div>
  </body>,
  "container": <div>
    <svg
      aria-hidden="true"
      class="MuiSvgIcon-root MuiSvgIcon-fontSizeMedium css-i4bv87-MuiSvgIcon-root"
      focusable="false"
      viewBox="0 0 512 512"
    >
      <path
        d="M3628 4557 c-56 -16 -119 -58 -151 -101 -41 -54 -753 -1249 -767 -1286 -9 -25 -16 -200 -24 -641 l-12 -606 -82 -95 c-45 -53 -82 -100 -82 -104 0 -9 269 -614 290 -655 10 -18 20 -13 145 71 154 105 219 171 273 279 36 73 37 77 39 205 2 72 7 410 13 751 l11 620 333 555 c184 305 344 575 357 600 35 67 34 186 -3 256 -65 123 -210 187 -340 151z"
      />
      <path
        d="M3887 3899 c-8 -13 -47 -76 -85 -140 l-69 -115 40 -34 c70 -59 99 -154 73 -244 -13 -45 -37 -80 -117 -177 -55 -66 -98 -123 -95 -126 3 -3 65 -9 138 -14 134 -9 381 -35 451 -47 l38 -7 -390 -323 c-214 -177 -404 -337 -421 -355 -73 -72 -99 -199 -61 -297 16 -42 131 -195 487 -645 256 -324 484 -610 507 -634 61 -64 115 -86 212 -86 71 0 86 3 135 31 61 34 121 105 139 164 19 63 14 159 -12 212 -12 26 -192 262 -400 525 -207 263 -378 481 -380 484 -1 4 189 165 423 358 234 194 444 372 467 396 104 112 179 420 139 575 -45 176 -162 274 -440 369 -248 85 -456 131 -672 147 -89 6 -92 6 -107 -17z"
      />
      <path
        d="M3515 3280 l-186 -309 3 -85 3 -84 210 250 c116 137 220 268 233 290 24 45 29 108 11 155 -10 28 -67 93 -80 93 -5 0 -92 -139 -194 -310z"
      />
      <path
        d="M2497 3304 c-90 -22 -166 -64 -239 -133 -211 -198 -221 -525 -24 -739 45 -49 117 -102 138 -101 7 0 68 67 136 149 l123 149 7 268 8 269 36 71 c34 70 35 72 14 77 -36 10 -139 5 -199 -10z"
      />
      <path
        d="M2441 2317 c-105 -126 -179 -223 -172 -225 7 -2 31 -18 54 -36 42 -32 83 -100 135 -224 l23 -53 68 82 69 83 7 293 c4 162 6 296 4 298 -2 2 -87 -96 -188 -218z"
      />
      <path
        d="M1907 2139 c-83 -44 -119 -157 -78 -242 21 -43 93 -112 105 -100 3 4 6 34 6 67 0 37 8 77 19 101 22 49 86 108 135 126 20 7 36 16 36 20 0 4 -19 17 -43 28 -55 27 -129 27 -180 0z"
      />
      <path
        d="M2087 2029 c-52 -27 -90 -88 -94 -152 -4 -49 5 -71 135 -362 77 -170 139 -311 138 -312 -1 -2 -117 20 -257 47 -379 74 -364 72 -408 60 -107 -28 -169 -153 -127 -253 16 -40 74 -92 118 -105 58 -19 964 -192 1002 -192 52 0 96 21 133 63 37 43 57 105 47 150 -12 60 -434 991 -462 1020 -55 59 -152 74 -225 36z"
      />
      <path
        d="M1931 1705 c-26 -38 -37 -104 -27 -159 9 -46 50 -94 101 -117 40 -19 105 -26 105 -11 0 14 -139 317 -147 319 -4 2 -19 -13 -32 -32z"
      />
      <path
        d="M425 1598 c-149 -28 -306 -151 -370 -292 -97 -210 -57 -436 106 -599 208 -208 531 -207 742 4 366 365 33 984 -478 887z"
      />
      <path
        d="M1655 1521 c-202 -67 -256 -95 -333 -173 -84 -83 -117 -153 -117 -248 0 -97 35 -170 120 -255 162 -161 366 -193 709 -111 82 20 151 37 153 40 2 2 -119 27 -269 56 -150 28 -299 59 -330 67 -111 30 -178 117 -178 231 0 105 54 185 153 227 55 23 100 19 365 -34 133 -26 242 -44 242 -40 0 4 -6 22 -14 40 -14 33 -16 34 -74 35 -110 2 -205 76 -231 179 -6 25 -15 45 -19 44 -4 0 -83 -26 -177 -58z"
      />
    </svg>
  </div>,
  "debug": [Function],
  "findAllByAltText": [Function],
  "findAllByDisplayValue": [Function],
  "findAllByLabelText": [Function],
  "findAllByPlaceholderText": [Function],
  "findAllByRole": [Function],
  "findAllByTestId": [Function],
  "findAllByText": [Function],
  "findAllByTitle": [Function],
  "findByAltText": [Function],
  "findByDisplayValue": [Function],
  "findByLabelText": [Function],
  "findByPlaceholderText": [Function],
  "findByRole": [Function],
  "findByTestId": [Function],
  "findByText": [Function],
  "findByTitle": [Function],
  "getAllByAltText": [Function],
  "getAllByDisplayValue": [Function],
  "getAllByLabelText": [Function],
  "getAllByPlaceholderText": [Function],
  "getAllByRole": [Function],
  "getAllByTestId": [Function],
  "getAllByText": [Function],
  "getAllByTitle": [Function],
  "getByAltText": [Function],
  "getByDisplayValue": [Function],
  "getByLabelText": [Function],
  "getByPlaceholderText": [Function],
  "getByRole": [Function],
  "getByTestId": [Function],
  "getByText": [Function],
  "getByTitle": [Function],
  "queryAllByAltText": [Function],
  "queryAllByDisplayValue": [Function],
  "queryAllByLabelText": [Function],
  "queryAllByPlaceholderText": [Function],
  "queryAllByRole": [Function],
  "queryAllByTestId": [Function],
  "queryAllByText": [Function],
  "queryAllByTitle": [Function],
  "queryByAltText": [Function],
  "queryByDisplayValue": [Function],
  "queryByLabelText": [Function],
  "queryByPlaceholderText": [Function],
  "queryByRole": [Function],
  "queryByTestId": [Function],
  "queryByText": [Function],
  "queryByTitle": [Function],
  "rerender": [Function],
  "unmount": [Function],
}
`;
