// Jest Snapshot v1, https://goo.gl/fbAQLP

exports[`SiteLayout renders 1`] = `
{
  "asFragment": [Function],
  "baseElement": <body>
    <div>
      <header
        class="MuiPaper-root MuiPaper-elevation MuiPaper-elevation4 MuiAppBar-root MuiAppBar-colorPrimary MuiAppBar-positionSticky css-7e0s21-MuiPaper-root-MuiAppBar-root"
      >
        <div
          class="MuiToolbar-root MuiToolbar-gutters MuiToolbar-regular css-hyum1k-MuiToolbar-root"
        >
          <button
            aria-label="open drawer"
            class="MuiButtonBase-root MuiIconButton-root MuiIconButton-colorInherit MuiIconButton-edgeStart MuiIconButton-sizeMedium css-134qg7o-MuiButtonBase-root-MuiIconButton-root"
            role="switch"
            tabindex="0"
            type="button"
          >
            <svg
              aria-hidden="true"
              class="MuiSvgIcon-root MuiSvgIcon-fontSizeMedium css-i4bv87-MuiSvgIcon-root"
              data-testid="MenuIcon"
              focusable="false"
              viewBox="0 0 24 24"
            >
              <path
                d="M3 18h18v-2H3v2zm0-5h18v-2H3v2zm0-7v2h18V6H3z"
              />
            </svg>
            <span
              class="MuiTouchRipple-root css-8je8zh-MuiTouchRipple-root"
            />
          </button>
          <a
            href="/"
          >
            <div
              class="MuiBox-root css-omo8we"
            >
              <img
                alt="d.jin website logo"
                class="css-7f50zt"
                data-nimg="1"
                decoding="async"
                height="40"
                loading="lazy"
                src="/_next/image?url=%2Fimg.jpg&w=96&q=75"
                srcset="/_next/image?url=%2Fimg.jpg&w=48&q=75 1x, /_next/image?url=%2Fimg.jpg&w=96&q=75 2x"
                style="color: transparent;"
                width="40"
              />
              <h5
                class="MuiTypography-root MuiTypography-h5 css-109s1dp-MuiTypography-root"
              >
                d.jin
              </h5>
            </div>
          </a>
        </div>
      </header>
      <div
        class="PrivateSwipeArea-root css-n2n0ek"
        style="width: 20px;"
      />
      <p>
        Hi!
      </p>
    </div>
    <div
      aria-hidden="true"
      class="MuiDrawer-root MuiDrawer-modal MuiModal-root MuiModal-hidden css-7ouyiw-MuiModal-root-MuiDrawer-root"
      role="presentation"
    >
      <div
        aria-hidden="true"
        class="MuiBackdrop-root css-i9fmh8-MuiBackdrop-root-MuiModal-backdrop"
        style="opacity: 0; visibility: hidden;"
      />
      <div
        data-testid="sentinelStart"
        tabindex="-1"
      />
      <div
        class="MuiPaper-root MuiPaper-elevation MuiPaper-elevation16 MuiDrawer-paper MuiDrawer-paperAnchorLeft css-4t3x6l-MuiPaper-root-MuiDrawer-paper"
        style="visibility: hidden; pointer-events: none; webkit-transform: translateX(-0px); transform: translateX(-0px);"
        tabindex="-1"
      >
        <div
          class="MuiBox-root css-vojj79"
        >
          <button
            class="MuiButtonBase-root MuiButton-root MuiButton-text MuiButton-textPrimary MuiButton-sizeMedium MuiButton-textSizeMedium MuiButton-root MuiButton-text MuiButton-textPrimary MuiButton-sizeMedium MuiButton-textSizeMedium css-1e6y48t-MuiButtonBase-root-MuiButton-root"
            role="switch"
            tabindex="0"
            type="button"
          >
            <svg
              aria-hidden="true"
              class="MuiSvgIcon-root MuiSvgIcon-fontSizeMedium css-i4bv87-MuiSvgIcon-root"
              data-testid="ChevronLeftIcon"
              focusable="false"
              viewBox="0 0 24 24"
            >
              <path
                d="M15.41 7.41 14 6l-6 6 6 6 1.41-1.41L10.83 12z"
              />
            </svg>
            <p
              class="MuiTypography-root MuiTypography-body1 css-9xgob9-MuiTypography-root"
            >
              Close
            </p>
            <span
              class="MuiTouchRipple-root css-8je8zh-MuiTouchRipple-root"
            />
          </button>
        </div>
        <hr
          class="MuiDivider-root MuiDivider-fullWidth css-9mgopn-MuiDivider-root"
        />
        <ul
          class="MuiList-root MuiList-padding css-h4y409-MuiList-root"
        >
          <div
            class="MuiButtonBase-root MuiListItemButton-root MuiListItemButton-gutters MuiListItemButton-root MuiListItemButton-gutters css-16ac5r2-MuiButtonBase-root-MuiListItemButton-root"
            data-testid="List Item Collapse Btn"
            role="button"
            tabindex="0"
          >
            <div
              class="MuiListItemIcon-root css-cveggr-MuiListItemIcon-root"
            >
              <svg
                aria-hidden="true"
                class="MuiSvgIcon-root MuiSvgIcon-fontSizeMedium css-i4bv87-MuiSvgIcon-root"
                data-testid="CodeIcon"
                focusable="false"
                viewBox="0 0 24 24"
              >
                <path
                  d="M9.4 16.6 4.8 12l4.6-4.6L8 6l-6 6 6 6 1.4-1.4zm5.2 0 4.6-4.6-4.6-4.6L16 6l6 6-6 6-1.4-1.4z"
                />
              </svg>
            </div>
            <div
              class="MuiListItemText-root css-tlelie-MuiListItemText-root"
            >
              <span
                class="MuiTypography-root MuiTypography-body1 MuiListItemText-primary css-10hburv-MuiTypography-root"
              >
                Coding
              </span>
            </div>
            <svg
              aria-hidden="true"
              class="MuiSvgIcon-root MuiSvgIcon-fontSizeMedium css-i4bv87-MuiSvgIcon-root"
              data-testid="ExpandMoreIcon"
              focusable="false"
              viewBox="0 0 24 24"
            >
              <path
                d="M16.59 8.59 12 13.17 7.41 8.59 6 10l6 6 6-6z"
              />
            </svg>
            <span
              class="MuiTouchRipple-root css-8je8zh-MuiTouchRipple-root"
            />
          </div>
          <div
            class="MuiButtonBase-root MuiListItemButton-root MuiListItemButton-gutters MuiListItemButton-root MuiListItemButton-gutters css-16ac5r2-MuiButtonBase-root-MuiListItemButton-root"
            data-testid="List Item Collapse Btn"
            role="button"
            tabindex="0"
          >
            <div
              class="MuiListItemIcon-root css-cveggr-MuiListItemIcon-root"
            >
              <svg
                aria-hidden="true"
                class="MuiSvgIcon-root MuiSvgIcon-fontSizeMedium css-i4bv87-MuiSvgIcon-root"
                data-testid="HeadphonesIcon"
                focusable="false"
                viewBox="0 0 24 24"
              >
                <path
                  d="M12 3c-4.97 0-9 4.03-9 9v7c0 1.1.9 2 2 2h4v-8H5v-1c0-3.87 3.13-7 7-7s7 3.13 7 7v1h-4v8h4c1.1 0 2-.9 2-2v-7c0-4.97-4.03-9-9-9z"
                />
              </svg>
            </div>
            <div
              class="MuiListItemText-root css-tlelie-MuiListItemText-root"
            >
              <span
                class="MuiTypography-root MuiTypography-body1 MuiListItemText-primary css-10hburv-MuiTypography-root"
              >
                Music
              </span>
            </div>
            <svg
              aria-hidden="true"
              class="MuiSvgIcon-root MuiSvgIcon-fontSizeMedium css-i4bv87-MuiSvgIcon-root"
              data-testid="ExpandMoreIcon"
              focusable="false"
              viewBox="0 0 24 24"
            >
              <path
                d="M16.59 8.59 12 13.17 7.41 8.59 6 10l6 6 6-6z"
              />
            </svg>
            <span
              class="MuiTouchRipple-root css-8je8zh-MuiTouchRipple-root"
            />
          </div>
          <div
            class="MuiButtonBase-root MuiListItemButton-root MuiListItemButton-gutters MuiListItemButton-root MuiListItemButton-gutters css-16ac5r2-MuiButtonBase-root-MuiListItemButton-root"
            data-testid="List Item Collapse Btn"
            role="button"
            tabindex="0"
          >
            <div
              class="MuiListItemIcon-root css-cveggr-MuiListItemIcon-root"
            >
              <svg
                aria-hidden="true"
                class="MuiSvgIcon-root MuiSvgIcon-fontSizeMedium css-i4bv87-MuiSvgIcon-root"
                data-testid="SportsMmaIcon"
                focusable="false"
                viewBox="0 0 24 24"
              >
                <path
                  d="M7 20c0 .55.45 1 1 1h8c.55 0 1-.45 1-1v-3H7v3zM18 7c-.55 0-1 .45-1 1V5c0-1.1-.9-2-2-2H7c-1.1 0-2 .9-2 2v5.8c0 .13.01.26.04.39l.8 4c.09.47.5.8.98.8h10.36c.45 0 .89-.36.98-.8l.8-4c.03-.13.04-.26.04-.39V8c0-.55-.45-1-1-1zm-3 3H7V7h8v3z"
                />
              </svg>
            </div>
            <div
              class="MuiListItemText-root css-tlelie-MuiListItemText-root"
            >
              <span
                class="MuiTypography-root MuiTypography-body1 MuiListItemText-primary css-10hburv-MuiTypography-root"
              >
                Martial Arts
              </span>
            </div>
            <svg
              aria-hidden="true"
              class="MuiSvgIcon-root MuiSvgIcon-fontSizeMedium css-i4bv87-MuiSvgIcon-root"
              data-testid="ExpandMoreIcon"
              focusable="false"
              viewBox="0 0 24 24"
            >
              <path
                d="M16.59 8.59 12 13.17 7.41 8.59 6 10l6 6 6-6z"
              />
            </svg>
            <span
              class="MuiTouchRipple-root css-8je8zh-MuiTouchRipple-root"
            />
          </div>
          <div
            class="MuiButtonBase-root MuiListItemButton-root MuiListItemButton-gutters MuiListItemButton-root MuiListItemButton-gutters css-16ac5r2-MuiButtonBase-root-MuiListItemButton-root"
            data-testid="List Item Collapse Btn"
            role="button"
            tabindex="0"
          >
            <div
              class="MuiListItemIcon-root css-cveggr-MuiListItemIcon-root"
            >
              <svg
                aria-hidden="true"
                class="MuiSvgIcon-root MuiSvgIcon-fontSizeMedium css-i4bv87-MuiSvgIcon-root"
                data-testid="SchoolIcon"
                focusable="false"
                viewBox="0 0 24 24"
              >
                <path
                  d="M5 13.18v4L12 21l7-3.82v-4L12 17l-7-3.82zM12 3 1 9l11 6 9-4.91V17h2V9L12 3z"
                />
              </svg>
            </div>
            <div
              class="MuiListItemText-root css-tlelie-MuiListItemText-root"
            >
              <span
                class="MuiTypography-root MuiTypography-body1 MuiListItemText-primary css-10hburv-MuiTypography-root"
              >
                Academic Work
              </span>
            </div>
            <svg
              aria-hidden="true"
              class="MuiSvgIcon-root MuiSvgIcon-fontSizeMedium css-i4bv87-MuiSvgIcon-root"
              data-testid="ExpandMoreIcon"
              focusable="false"
              viewBox="0 0 24 24"
            >
              <path
                d="M16.59 8.59 12 13.17 7.41 8.59 6 10l6 6 6-6z"
              />
            </svg>
            <span
              class="MuiTouchRipple-root css-8je8zh-MuiTouchRipple-root"
            />
          </div>
          <hr
            class="MuiDivider-root MuiDivider-fullWidth css-9mgopn-MuiDivider-root"
          />
          <a
            class="MuiButtonBase-root MuiListItemButton-root MuiListItemButton-gutters MuiListItemButton-root MuiListItemButton-gutters css-1rhbah2-MuiButtonBase-root-MuiListItemButton-root"
            href="mailto:djtaeyong@gmail.com"
            tabindex="0"
            target="_blank"
          >
            <div
              class="MuiListItemIcon-root css-cveggr-MuiListItemIcon-root"
            >
              <svg
                aria-hidden="true"
                class="MuiSvgIcon-root MuiSvgIcon-fontSizeMedium css-i4bv87-MuiSvgIcon-root"
                data-testid="ContactMailIcon"
                focusable="false"
                viewBox="0 0 24 24"
              >
                <path
                  d="M21 8V7l-3 2-3-2v1l3 2 3-2zm1-5H2C.9 3 0 3.9 0 5v14c0 1.1.9 2 2 2h20c1.1 0 1.99-.9 1.99-2L24 5c0-1.1-.9-2-2-2zM8 6c1.66 0 3 1.34 3 3s-1.34 3-3 3-3-1.34-3-3 1.34-3 3-3zm6 12H2v-1c0-2 4-3.1 6-3.1s6 1.1 6 3.1v1zm8-6h-8V6h8v6z"
                />
              </svg>
            </div>
            <div
              class="MuiListItemText-root css-tlelie-MuiListItemText-root"
            >
              <span
                class="MuiTypography-root MuiTypography-body1 MuiListItemText-primary css-10hburv-MuiTypography-root"
              >
                Contact
              </span>
            </div>
            <span
              class="MuiTouchRipple-root css-8je8zh-MuiTouchRipple-root"
            />
          </a>
          <a
            class="MuiButtonBase-root MuiListItemButton-root MuiListItemButton-gutters MuiListItemButton-root MuiListItemButton-gutters css-1rhbah2-MuiButtonBase-root-MuiListItemButton-root"
            href="https://storybook.djin.dev/"
            tabindex="0"
            target="_blank"
          >
            <div
              class="MuiListItemIcon-root css-cveggr-MuiListItemIcon-root"
            >
              <svg
                aria-hidden="true"
                class="MuiSvgIcon-root MuiSvgIcon-fontSizeMedium css-i4bv87-MuiSvgIcon-root"
                focusable="false"
                viewBox="0 0 32 32"
              >
                <path
                  d="M21.786 0.318l-0.161 3.615c-0.005 0.203 0.229 0.328 0.391 0.203l1.411-1.068 1.198 0.932c0.156 0.104 0.365 0 0.375-0.188l-0.135-3.677 1.776-0.135c0.922-0.063 1.708 0.672 1.708 1.599v28.802c0 0.917-0.766 1.646-1.682 1.599l-21.469-0.958c-0.833-0.036-1.505-0.708-1.531-1.547l-1-26.401c-0.052-0.885 0.62-1.646 1.505-1.693l17.599-1.109zM17.693 12.401c0 0.625 4.214 0.318 4.786-0.109 0-4.266-2.292-6.521-6.479-6.521-4.198 0-6.531 2.297-6.531 5.724 0 5.932 8 6.036 8 9.276 0 0.938-0.427 1.469-1.401 1.469-1.281 0-1.802-0.651-1.734-2.88 0-0.479-4.865-0.641-5.026 0-0.359 5.375 2.974 6.932 6.797 6.932 3.724 0 6.63-1.984 6.63-5.573 0-6.359-8.135-6.188-8.135-9.333 0-1.292 0.964-1.464 1.505-1.464 0.604 0 1.667 0.094 1.589 2.49z"
                />
              </svg>
            </div>
            <div
              class="MuiListItemText-root css-tlelie-MuiListItemText-root"
            >
              <span
                class="MuiTypography-root MuiTypography-body1 MuiListItemText-primary css-10hburv-MuiTypography-root"
              >
                Site Storybook
              </span>
            </div>
            <span
              class="MuiTouchRipple-root css-8je8zh-MuiTouchRipple-root"
            />
          </a>
        </ul>
      </div>
      <div
        data-testid="sentinelEnd"
        tabindex="-1"
      />
    </div>
  </body>,
  "container": <div>
    <header
      class="MuiPaper-root MuiPaper-elevation MuiPaper-elevation4 MuiAppBar-root MuiAppBar-colorPrimary MuiAppBar-positionSticky css-7e0s21-MuiPaper-root-MuiAppBar-root"
    >
      <div
        class="MuiToolbar-root MuiToolbar-gutters MuiToolbar-regular css-hyum1k-MuiToolbar-root"
      >
        <button
          aria-label="open drawer"
          class="MuiButtonBase-root MuiIconButton-root MuiIconButton-colorInherit MuiIconButton-edgeStart MuiIconButton-sizeMedium css-134qg7o-MuiButtonBase-root-MuiIconButton-root"
          role="switch"
          tabindex="0"
          type="button"
        >
          <svg
            aria-hidden="true"
            class="MuiSvgIcon-root MuiSvgIcon-fontSizeMedium css-i4bv87-MuiSvgIcon-root"
            data-testid="MenuIcon"
            focusable="false"
            viewBox="0 0 24 24"
          >
            <path
              d="M3 18h18v-2H3v2zm0-5h18v-2H3v2zm0-7v2h18V6H3z"
            />
          </svg>
          <span
            class="MuiTouchRipple-root css-8je8zh-MuiTouchRipple-root"
          />
        </button>
        <a
          href="/"
        >
          <div
            class="MuiBox-root css-omo8we"
          >
            <img
              alt="d.jin website logo"
              class="css-7f50zt"
              data-nimg="1"
              decoding="async"
              height="40"
              loading="lazy"
              src="/_next/image?url=%2Fimg.jpg&w=96&q=75"
              srcset="/_next/image?url=%2Fimg.jpg&w=48&q=75 1x, /_next/image?url=%2Fimg.jpg&w=96&q=75 2x"
              style="color: transparent;"
              width="40"
            />
            <h5
              class="MuiTypography-root MuiTypography-h5 css-109s1dp-MuiTypography-root"
            >
              d.jin
            </h5>
          </div>
        </a>
      </div>
    </header>
    <div
      class="PrivateSwipeArea-root css-n2n0ek"
      style="width: 20px;"
    />
    <p>
      Hi!
    </p>
  </div>,
  "debug": [Function],
  "findAllByAltText": [Function],
  "findAllByDisplayValue": [Function],
  "findAllByLabelText": [Function],
  "findAllByPlaceholderText": [Function],
  "findAllByRole": [Function],
  "findAllByTestId": [Function],
  "findAllByText": [Function],
  "findAllByTitle": [Function],
  "findByAltText": [Function],
  "findByDisplayValue": [Function],
  "findByLabelText": [Function],
  "findByPlaceholderText": [Function],
  "findByRole": [Function],
  "findByTestId": [Function],
  "findByText": [Function],
  "findByTitle": [Function],
  "getAllByAltText": [Function],
  "getAllByDisplayValue": [Function],
  "getAllByLabelText": [Function],
  "getAllByPlaceholderText": [Function],
  "getAllByRole": [Function],
  "getAllByTestId": [Function],
  "getAllByText": [Function],
  "getAllByTitle": [Function],
  "getByAltText": [Function],
  "getByDisplayValue": [Function],
  "getByLabelText": [Function],
  "getByPlaceholderText": [Function],
  "getByRole": [Function],
  "getByTestId": [Function],
  "getByText": [Function],
  "getByTitle": [Function],
  "queryAllByAltText": [Function],
  "queryAllByDisplayValue": [Function],
  "queryAllByLabelText": [Function],
  "queryAllByPlaceholderText": [Function],
  "queryAllByRole": [Function],
  "queryAllByTestId": [Function],
  "queryAllByText": [Function],
  "queryAllByTitle": [Function],
  "queryByAltText": [Function],
  "queryByDisplayValue": [Function],
  "queryByLabelText": [Function],
  "queryByPlaceholderText": [Function],
  "queryByRole": [Function],
  "queryByTestId": [Function],
  "queryByText": [Function],
  "queryByTitle": [Function],
  "rerender": [Function],
  "unmount": [Function],
}
`;
